// Jest Snapshot v1, https://goo.gl/fbAQLP

exports[`Main component renders correctly 1`] = `
<div>
  <div
    class="container"
  >
    <div
      class="flex flex-row mt-16 h-30 gap-4"
    >
      <div
        class="h-30 basis-3/4"
      >
        <h1
          class=""
        >
          Начните заниматься спортом и улучшите качество жизни
        </h1>
      </div>
      <div
        class="invisible md:visible h-25 basis-1/4 relative"
      >
        <div
          class="bg-green text-3xl p-5 w-72 h-25 rounded mb-12 text-black"
        >
          Измени своё тело за полгода!
        </div>
        <img
          class="absolute top-[100px] left-[120px] z-10"
          src="/img/triangle.png"
        />
      </div>
    </div>
    <div
      class="flex flex-row flex-wrap gap-9 mb-8"
    >
      <div
        class="flex flex-col gap-7 bg-white rounded-3xl relative cursor-pointer"
      >
        <img
          class="w-full"
          src="/img/workout_1.png"
        />
        <img
          class="absolute top-4 right-4"
          src="/img/circle.png"
        />
        <div
          class="mx-7"
        >
          <h3
            class="text-3xl font-semibold pb-6 text-black"
          >
            Йога
          </h3>
          <div
            class="flex flex-row flex-wrap gap-1 mb-2"
          >
            <div
              class="flex flex-row flex-wrap gap-2 w-28 h-9 bg-light-gray rounded-3xl items-center pl-2.5"
            >
              <img
                class="h-4 w-4"
                src="./img/calendar.png"
              />
              <p
                class="text-black"
              >
                25 дней
              </p>
            </div>
            <div
              class="flex flex-row gap-2 w-44 h-9 bg-light-gray rounded-3xl items-center pl-2.5"
            >
              <img
                class="h-4 w-4"
                src="./img/time.png"
              />
              <p
                class="text-black"
              >
                25-50 мин/день
              </p>
            </div>
          </div>
          <div
            class="flex flex-row gap-2 w-32 h-9 bg-light-gray rounded-3xl items-center pl-2.5 mb-2"
          >
            <img
              class="h-4 w-4"
              src="./img/difficulty.png"
            />
            <p
              class="text-black"
            >
              Сложность
            </p>
          </div>
        </div>
      </div>
      <div
        class="flex flex-col gap-7 bg-white rounded-3xl relative cursor-pointer"
      >
        <img
          class="w-full"
          src="/img/workout_2.png"
        />
        <img
          class="absolute top-4 right-4"
          src="/img/circle.png"
        />
        <div
          class="mx-7"
        >
          <h3
            class="text-3xl font-semibold pb-6 text-black"
          >
            Йога
          </h3>
          <div
            class="flex flex-row flex-wrap gap-1 mb-2"
          >
            <div
              class="flex flex-row flex-wrap gap-2 w-28 h-9 bg-light-gray rounded-3xl items-center pl-2.5"
            >
              <img
                class="h-4 w-4"
                src="./img/calendar.png"
              />
              <p
                class="text-black"
              >
                25 дней
              </p>
            </div>
            <div
              class="flex flex-row gap-2 w-44 h-9 bg-light-gray rounded-3xl items-center pl-2.5"
            >
              <img
                class="h-4 w-4"
                src="./img/time.png"
              />
              <p
                class="text-black"
              >
                25-50 мин/день
              </p>
            </div>
          </div>
          <div
            class="flex flex-row gap-2 w-32 h-9 bg-light-gray rounded-3xl items-center pl-2.5 mb-2"
          >
            <img
              class="h-4 w-4"
              src="./img/difficulty.png"
            />
            <p
              class="text-black"
            >
              Сложность
            </p>
          </div>
        </div>
      </div>
      <div
        class="flex flex-col gap-7 bg-white rounded-3xl relative cursor-pointer"
      >
        <img
          class="w-full"
          src="/img/workout_3.png"
        />
        <img
          class="absolute top-4 right-4"
          src="/img/circle.png"
        />
        <div
          class="mx-7"
        >
          <h3
            class="text-3xl font-semibold pb-6 text-black"
          >
            Йога
          </h3>
          <div
            class="flex flex-row flex-wrap gap-1 mb-2"
          >
            <div
              class="flex flex-row flex-wrap gap-2 w-28 h-9 bg-light-gray rounded-3xl items-center pl-2.5"
            >
              <img
                class="h-4 w-4"
                src="./img/calendar.png"
              />
              <p
                class="text-black"
              >
                25 дней
              </p>
            </div>
            <div
              class="flex flex-row gap-2 w-44 h-9 bg-light-gray rounded-3xl items-center pl-2.5"
            >
              <img
                class="h-4 w-4"
                src="./img/time.png"
              />
              <p
                class="text-black"
              >
                25-50 мин/день
              </p>
            </div>
          </div>
          <div
            class="flex flex-row gap-2 w-32 h-9 bg-light-gray rounded-3xl items-center pl-2.5 mb-2"
          >
            <img
              class="h-4 w-4"
              src="./img/difficulty.png"
            />
            <p
              class="text-black"
            >
              Сложность
            </p>
          </div>
        </div>
      </div>
      <div
        class="flex flex-col gap-7 bg-white rounded-3xl relative cursor-pointer"
      >
        <img
          class="w-full"
          src="/img/workout_4.png"
        />
        <img
          class="absolute top-4 right-4"
          src="/img/circle.png"
        />
        <div
          class="mx-7"
        >
          <h3
            class="text-3xl font-semibold pb-6 text-black"
          >
            Йога
          </h3>
          <div
            class="flex flex-row flex-wrap gap-1 mb-2"
          >
            <div
              class="flex flex-row flex-wrap gap-2 w-28 h-9 bg-light-gray rounded-3xl items-center pl-2.5"
            >
              <img
                class="h-4 w-4"
                src="./img/calendar.png"
              />
              <p
                class="text-black"
              >
                25 дней
              </p>
            </div>
            <div
              class="flex flex-row gap-2 w-44 h-9 bg-light-gray rounded-3xl items-center pl-2.5"
            >
              <img
                class="h-4 w-4"
                src="./img/time.png"
              />
              <p
                class="text-black"
              >
                25-50 мин/день
              </p>
            </div>
          </div>
          <div
            class="flex flex-row gap-2 w-32 h-9 bg-light-gray rounded-3xl items-center pl-2.5 mb-2"
          >
            <img
              class="h-4 w-4"
              src="./img/difficulty.png"
            />
            <p
              class="text-black"
            >
              Сложность
            </p>
          </div>
        </div>
      </div>
      <div
        class="flex flex-col gap-7 bg-white rounded-3xl relative cursor-pointer"
      >
        <img
          class="w-full"
          src="/img/workout_5.png"
        />
        <img
          class="absolute top-4 right-4"
          src="/img/circle.png"
        />
        <div
          class="mx-7"
        >
          <h3
            class="text-3xl font-semibold pb-6 text-black"
          >
            Йога
          </h3>
          <div
            class="flex flex-row flex-wrap gap-1 mb-2"
          >
            <div
              class="flex flex-row flex-wrap gap-2 w-28 h-9 bg-light-gray rounded-3xl items-center pl-2.5"
            >
              <img
                class="h-4 w-4"
                src="./img/calendar.png"
              />
              <p
                class="text-black"
              >
                25 дней
              </p>
            </div>
            <div
              class="flex flex-row gap-2 w-44 h-9 bg-light-gray rounded-3xl items-center pl-2.5"
            >
              <img
                class="h-4 w-4"
                src="./img/time.png"
              />
              <p
                class="text-black"
              >
                25-50 мин/день
              </p>
            </div>
          </div>
          <div
            class="flex flex-row gap-2 w-32 h-9 bg-light-gray rounded-3xl items-center pl-2.5 mb-2"
          >
            <img
              class="h-4 w-4"
              src="./img/difficulty.png"
            />
            <p
              class="text-black"
            >
              Сложность
            </p>
          </div>
        </div>
      </div>
    </div>
    <div
      class="flex justify-center"
    >
      <button
        class="btn-primary w-32"
      >
        <a
          href="#top"
        >
          Наверх ↑
        </a>
      </button>
    </div>
  </div>
</div>
`;
